◇ injected env (18) from .env.local // tip: ◈ encrypted .env [www.dotenvx.com]
◇ injected env (0) from .env // tip: ⌘ suppress logs { quiet: true }
[import7] démarrage 2026-07-11T15:18:08.106Z — 81 étapes (merchant×catégorie)
[effinity:cyrillus] 10044 lignes lues, 183 mappées sur 2 catégories
[effinity:cyrillus] sofa: 0/0 produits (limit=600)
[ingest:cyrillus] sofa: 0 fetched / 0 insérés / 0 skippés / 0 échecs
[ingest:cyrillus] TOTAL insérés: 0
[import7] sofa / cyrillus: 0 insérés
[effinity:cyrillus] armchair: 0/0 produits (limit=600)
[ingest:cyrillus] armchair: 0 fetched / 0 insérés / 0 skippés / 0 échecs
[ingest:cyrillus] TOTAL insérés: 0
[import7] armchair / cyrillus: 0 insérés
[effinity:cyrillus] chair: 0/0 produits (limit=600)
[ingest:cyrillus] chair: 0 fetched / 0 insérés / 0 skippés / 0 échecs
[ingest:cyrillus] TOTAL insérés: 0
[import7] chair / cyrillus: 0 insérés
[effinity:cyrillus] coffee_table: 0/0 produits (limit=600)
[ingest:cyrillus] coffee_table: 0 fetched / 0 insérés / 0 skippés / 0 échecs
[ingest:cyrillus] TOTAL insérés: 0
[import7] coffee_table / cyrillus: 0 insérés
[effinity:cyrillus] dining_table: 0/0 produits (limit=600)
[ingest:cyrillus] dining_table: 0 fetched / 0 insérés / 0 skippés / 0 échecs
[ingest:cyrillus] TOTAL insérés: 0
[import7] dining_table / cyrillus: 0 insérés
[effinity:cyrillus] side_table: 0/0 produits (limit=600)
[ingest:cyrillus] side_table: 0 fetched / 0 insérés / 0 skippés / 0 échecs
[ingest:cyrillus] TOTAL insérés: 0
[import7] side_table / cyrillus: 0 insérés
[effinity:cyrillus] sideboard: 0/0 produits (limit=600)
[ingest:cyrillus] sideboard: 0 fetched / 0 insérés / 0 skippés / 0 échecs
[ingest:cyrillus] TOTAL insérés: 0
[import7] sideboard / cyrillus: 0 insérés
[effinity:cyrillus] dresser: 0/0 produits (limit=600)
[ingest:cyrillus] dresser: 0 fetched / 0 insérés / 0 skippés / 0 échecs
[ingest:cyrillus] TOTAL insérés: 0
[import7] dresser / cyrillus: 0 insérés
[effinity:cyrillus] bookshelf: 0/0 produits (limit=600)
[ingest:cyrillus] bookshelf: 0 fetched / 0 insérés / 0 skippés / 0 échecs
[ingest:cyrillus] TOTAL insérés: 0
[import7] bookshelf / cyrillus: 0 insérés
[effinity:cyrillus] stool: 0/0 produits (limit=600)
[ingest:cyrillus] stool: 0 fetched / 0 insérés / 0 skippés / 0 échecs
[ingest:cyrillus] TOTAL insérés: 0
[import7] stool / cyrillus: 0 insérés
[effinity:cyrillus] desk: 0/0 produits (limit=600)
[ingest:cyrillus] desk: 0 fetched / 0 insérés / 0 skippés / 0 échecs
[ingest:cyrillus] TOTAL insérés: 0
[import7] desk / cyrillus: 0 insérés
[effinity:cyrillus] bed: 0/0 produits (limit=600)
[ingest:cyrillus] bed: 0 fetched / 0 insérés / 0 skippés / 0 échecs
[ingest:cyrillus] TOTAL insérés: 0
[import7] bed / cyrillus: 0 insérés
[effinity:cyrillus] dressing_table: 0/0 produits (limit=600)
[ingest:cyrillus] dressing_table: 0 fetched / 0 insérés / 0 skippés / 0 échecs
[ingest:cyrillus] TOTAL insérés: 0
[import7] dressing_table / cyrillus: 0 insérés
[effinity:cyrillus] nightstand: 0/0 produits (limit=600)
[ingest:cyrillus] nightstand: 0 fetched / 0 insérés / 0 skippés / 0 échecs
[ingest:cyrillus] TOTAL insérés: 0
[import7] nightstand / cyrillus: 0 insérés
[effinity:cyrillus] bench: 0/0 produits (limit=600)
[ingest:cyrillus] bench: 0 fetched / 0 insérés / 0 skippés / 0 échecs
[ingest:cyrillus] TOTAL insérés: 0
[import7] bench / cyrillus: 0 insérés
[effinity:cyrillus] pouf: 0/0 produits (limit=600)
[ingest:cyrillus] pouf: 0 fetched / 0 insérés / 0 skippés / 0 échecs
[ingest:cyrillus] TOTAL insérés: 0
[import7] pouf / cyrillus: 0 insérés
[effinity:cyrillus] headboard: 0/0 produits (limit=600)
[ingest:cyrillus] headboard: 0 fetched / 0 insérés / 0 skippés / 0 échecs
[ingest:cyrillus] TOTAL insérés: 0
[import7] headboard / cyrillus: 0 insérés
[effinity:cyrillus] display_cabinet: 0/0 produits (limit=600)
[ingest:cyrillus] display_cabinet: 0 fetched / 0 insérés / 0 skippés / 0 échecs
[ingest:cyrillus] TOTAL insérés: 0
[import7] display_cabinet / cyrillus: 0 insérés
[effinity:cyrillus] tv_stand: 0/0 produits (limit=600)
[ingest:cyrillus] tv_stand: 0 fetched / 0 insérés / 0 skippés / 0 échecs
[ingest:cyrillus] TOTAL insérés: 0
[import7] tv_stand / cyrillus: 0 insérés
[effinity:cyrillus] bar_cabinet: 0/0 produits (limit=600)
[ingest:cyrillus] bar_cabinet: 0 fetched / 0 insérés / 0 skippés / 0 échecs
[ingest:cyrillus] TOTAL insérés: 0
[import7] bar_cabinet / cyrillus: 0 insérés
[effinity:cyrillus] room_divider: 0/0 produits (limit=600)
[ingest:cyrillus] room_divider: 0 fetched / 0 insérés / 0 skippés / 0 échecs
[ingest:cyrillus] TOTAL insérés: 0
[import7] room_divider / cyrillus: 0 insérés
[effinity:cyrillus] rug: 34/34 produits (limit=600)
[ingest:cyrillus] rug: 34 fetched / 0 insérés / 34 skippés / 0 échecs
[ingest:cyrillus] TOTAL insérés: 0
[import7] rug / cyrillus: 0 insérés
[effinity:cyrillus] curtains: 149/149 produits (limit=600)
[ingest:cyrillus] curtains: 149 fetched / 0 insérés / 149 skippés / 0 échecs
[ingest:cyrillus] TOTAL insérés: 0
[import7] curtains / cyrillus: 0 insérés
[effinity:cyrillus] pendant_lamp: 0/0 produits (limit=600)
[ingest:cyrillus] pendant_lamp: 0 fetched / 0 insérés / 0 skippés / 0 échecs
[ingest:cyrillus] TOTAL insérés: 0
[import7] pendant_lamp / cyrillus: 0 insérés
[effinity:cyrillus] table_lamp: 0/0 produits (limit=600)
[ingest:cyrillus] table_lamp: 0 fetched / 0 insérés / 0 skippés / 0 échecs
[ingest:cyrillus] TOTAL insérés: 0
[import7] table_lamp / cyrillus: 0 insérés
[effinity:cyrillus] wall_sconce: 0/0 produits (limit=600)
[ingest:cyrillus] wall_sconce: 0 fetched / 0 insérés / 0 skippés / 0 échecs
[ingest:cyrillus] TOTAL insérés: 0
[import7] wall_sconce / cyrillus: 0 insérés
[effinity:cyrillus] floor_lamp: 0/0 produits (limit=600)
[ingest:cyrillus] floor_lamp: 0 fetched / 0 insérés / 0 skippés / 0 échecs
[ingest:cyrillus] TOTAL insérés: 0
[import7] floor_lamp / cyrillus: 0 insérés
[effinity:cyrillus] mirror: 0/0 produits (limit=300)
[ingest:cyrillus] mirror: 0 fetched / 0 insérés / 0 skippés / 0 échecs
[ingest:cyrillus] TOTAL insérés: 0
[import7] mirror / cyrillus: 0 insérés
[effinity:cyrillus] cushion: 0/0 produits (limit=300)
[ingest:cyrillus] cushion: 0 fetched / 0 insérés / 0 skippés / 0 échecs
[ingest:cyrillus] TOTAL insérés: 0
[import7] cushion / cyrillus: 0 insérés

[import7] TERMINÉ 2026-07-11T15:18:49.244Z (démarré 2026-07-11T15:18:08.106Z)
=== RÉCAP FINAL (insérés par catégorie × marchand) ===
{
  "sofa": {
    "cyrillus": 0
  },
  "armchair": {
    "cyrillus": 0
  },
  "chair": {
    "cyrillus": 0
  },
  "coffee_table": {
    "cyrillus": 0
  },
  "dining_table": {
    "cyrillus": 0
  },
  "side_table": {
    "cyrillus": 0
  },
  "sideboard": {
    "cyrillus": 0
  },
  "dresser": {
    "cyrillus": 0
  },
  "bookshelf": {
    "cyrillus": 0
  },
  "stool": {
    "cyrillus": 0
  },
  "desk": {
    "cyrillus": 0
  },
  "bed": {
    "cyrillus": 0
  },
  "dressing_table": {
    "cyrillus": 0
  },
  "nightstand": {
    "cyrillus": 0
  },
  "bench": {
    "cyrillus": 0
  },
  "pouf": {
    "cyrillus": 0
  },
  "headboard": {
    "cyrillus": 0
  },
  "display_cabinet": {
    "cyrillus": 0
  },
  "tv_stand": {
    "cyrillus": 0
  },
  "bar_cabinet": {
    "cyrillus": 0
  },
  "room_divider": {
    "cyrillus": 0
  },
  "rug": {
    "cyrillus": 0
  },
  "curtains": {
    "cyrillus": 0
  },
  "pendant_lamp": {
    "cyrillus": 0
  },
  "table_lamp": {
    "cyrillus": 0
  },
  "wall_sconce": {
    "cyrillus": 0
  },
  "floor_lamp": {
    "cyrillus": 0
  },
  "mirror": {
    "cyrillus": 0
  },
  "cushion": {
    "cyrillus": 0
  }
}
